// Vitest Snapshot v1, https://vitest.dev/guide/snapshot.html

exports[`My Tool Component > should match snapshot when rendered. 1`] = `"<wrapped-font-awesome-icon-stub data-v-c01e7f82="" icon="fab fa-vuejs" iconcolor="#3498db" size="3x" classes="" class="mx-1 tool" data-bs-toggle="tooltip" role="alertdialog" title="MySkills.tools.vuejs"></wrapped-font-awesome-icon-stub>"`;
