// Vitest Snapshot v1, https://vitest.dev/guide/snapshot.html

exports[`Wrapped Font Awesome Icon Component > should match snapshot when rendered. 1`] = `"<span><font-awesome-icon-stub icon="icon" border="false" fixedwidth="false" flip="false" listitem="false" pulse="false" rotateby="false" swapopacity="false" spin="false" symbol="false" inverse="false" bounce="false" shake="false" beat="false" fade="false" beatfade="false" flash="false" spinpulse="false" spinreverse="false" widthauto="false" class="font-awesome-icon" role="button" style="color: #000000;"></font-awesome-icon-stub></span>"`;
