// Vitest Snapshot v1, https://vitest.dev/guide/snapshot.html

exports[`My Project Component > should match snapshot when rendered. 1`] = `
"<div data-v-09377792="" class="cc-portfolio-image img-raised" data-aos="fade-up" data-aos-anchor-placement="top-bottom"><a data-v-09377792="" class="project-link" href="https://www.antoinezanardi.fr" rel="noopener noreferrer" target="_blank">
    <figure data-v-09377792="" class="cc-effect">
      <nuxt-img-stub data-v-09377792="" alt="MyPortfolio.projects.portfolio.name" format="webp" src="/images/projects/portfolio-thumbnail.jpg" preload="false" crossorigin="false" placeholder="false" custom="false" class="project-image"></nuxt-img-stub>
      <figcaption data-v-09377792="" class="project-metadata">
        <div data-v-09377792="" class="h4 project-name">MyPortfolio.projects.portfolio.name</div>
        <p data-v-09377792="" class="project-desc">MyPortfolio.projects.portfolio.description</p>
      </figcaption>
    </figure>
  </a></div>"
`;
