// Vitest Snapshot v1, https://vitest.dev/guide/snapshot.html

exports[`App Component > should match snapshot when rendered. 1`] = `
"<div>
  <nav-bar-stub></nav-bar-stub>
  <main class="app-content">
    <my-profile-stub></my-profile-stub>
    <about-me-stub></about-me-stub>
    <my-skills-stub></my-skills-stub>
    <my-portfolio-stub></my-portfolio-stub>
    <my-experience-stub></my-experience-stub>
    <my-education-stub></my-education-stub>
    <page-footer-stub></page-footer-stub>
  </main>
</div>"
`;
